// Jest Snapshot v1, https://goo.gl/fbAQLP

exports[`Pruebas sobre PrimeraApp debe de mostrar el mensaje 'Hola, soy Goku' 1`] = `
<Fragment>
  <h1>
     Hola, soy 
    Goku
  </h1>
  <h2>
     Â¿Como estas?
  </h2>
  <p>
    Soy un subtitulo
  </p>
</Fragment>
`;
